[01-Jun-2026 08:54:38 UTC] PHP Fatal error:  Uncaught mysqli_sql_exception: Unknown column 'status' in 'field list' in C:\wamp64\www\registration\login.php:26
Stack trace:
#0 C:\wamp64\www\registration\login.php(26): mysqli->prepare('SELECT id, user...')
#1 {main}
  thrown in C:\wamp64\www\registration\login.php on line 26
[01-Jun-2026 08:54:53 UTC] PHP Fatal error:  Uncaught mysqli_sql_exception: Unknown column 'status' in 'field list' in C:\wamp64\www\registration\login.php:26
Stack trace:
#0 C:\wamp64\www\registration\login.php(26): mysqli->prepare('SELECT id, user...')
#1 {main}
  thrown in C:\wamp64\www\registration\login.php on line 26
[01-Jun-2026 08:56:17 UTC] PHP Fatal error:  Uncaught mysqli_sql_exception: Unknown column 'status' in 'field list' in C:\wamp64\www\registration\login.php:26
Stack trace:
#0 C:\wamp64\www\registration\login.php(26): mysqli->prepare('SELECT id, user...')
#1 {main}
  thrown in C:\wamp64\www\registration\login.php on line 26
[01-Jun-2026 09:04:52 UTC] PHP Fatal error:  Uncaught mysqli_sql_exception: Unknown column 'status' in 'field list' in C:\wamp64\www\registration\login.php:26
Stack trace:
#0 C:\wamp64\www\registration\login.php(26): mysqli->prepare('SELECT id, user...')
#1 {main}
  thrown in C:\wamp64\www\registration\login.php on line 26
[01-Jun-2026 09:09:19 UTC] PHP Warning:  Cannot modify header information - headers already sent by (output started at C:\wamp64\www\registration\inc\session-config.php:13) in C:\wamp64\www\registration\api\test-login-flow.php on line 47
[01-Jun-2026 09:09:19 UTC] PHP Stack trace:
[01-Jun-2026 09:09:19 UTC] PHP   1. {main}() C:\wamp64\www\registration\api\test-login-flow.php:0
[01-Jun-2026 09:09:19 UTC] PHP   2. header($header = 'Content-Type: application/json') C:\wamp64\www\registration\api\test-login-flow.php:47
